---
source: crates/robotcode-rf-parser/tests/parser_test.rs
expression: file
---
{
  "sections": [
    {
      "type": "Variables",
      "header": {
        "name": "*** Variables ***",
        "position": {
          "line": 0,
          "column": 0,
          "end_line": 0,
          "end_column": 17
        }
      },
      "body": [
        {
          "type": "Error",
          "value": "${SCALAR}    hello",
          "message": "Unexpected token in Variables section",
          "position": {
            "line": 1,
            "column": 0,
            "end_line": 1,
            "end_column": 9
          }
        },
        {
          "type": "Error",
          "value": "@{LIST}    a    b    c",
          "message": "Unexpected token in Variables section",
          "position": {
            "line": 2,
            "column": 0,
            "end_line": 2,
            "end_column": 7
          }
        },
        {
          "type": "Error",
          "value": "&{DICT}    key=value    other=stuff",
          "message": "Unexpected token in Variables section",
          "position": {
            "line": 3,
            "column": 0,
            "end_line": 3,
            "end_column": 7
          }
        }
      ]
    }
  ],
  "source": null
}
